[INFO] Scanning for projects...
[INFO] 
[INFO] -------------------------< com.meydan:meydan >--------------------------
[INFO] Building meydan 0.0.1-SNAPSHOT
[INFO]   from pom.xml
[INFO] --------------------------------[ jar ]---------------------------------
[INFO] 
[INFO] --- clean:3.5.0:clean (default-clean) @ meydan ---
[INFO] Deleting C:\Users\batne\Desktop\primemeydan-main\target
[INFO] 
[INFO] --- resources:3.3.1:resources (default-resources) @ meydan ---
[INFO] Copying 1 resource from src\main\resources to target\classes
[INFO] Copying 1 resource from src\main\resources to target\classes
[INFO] 
[INFO] --- compiler:3.14.1:compile (default-compile) @ meydan ---
[INFO] Recompiling the module because of changed source code.
[INFO] Compiling 163 source files with javac [debug parameters release 17] to target\classes
[WARNING] /C:/Users/batne/Desktop/primemeydan-main/src/main/java/com/meydan/meydan/models/entities/Turnuva.java:[17,1] Generating equals/hashCode implementation but without a call to superclass, even though this class does not extend java.lang.Object. If this is intentional, add '@EqualsAndHashCode(callSuper=false)' to your type.
[INFO] ------------------------------------------------------------------------
[INFO] BUILD SUCCESS
[INFO] ------------------------------------------------------------------------
[INFO] Total time:  5.815 s
[INFO] Finished at: 2026-05-03T22:48:17+03:00
[INFO] ------------------------------------------------------------------------
